//Jest Snapshot

exports[`<Headers /> Should make a snapshot 1`] = `
<Fragment>
  <div
    className="hOne"
    >
    <h1> 
      ARTEMIS
    </h1>
  </div>
  <div
    className="header-container"
    >

    <_default />
    <button 
      className="header-